src/components/ui/accordion.tsx(2,37): error TS2307: Cannot find module '@radix-ui/react-accordion' or its corresponding type declarations.
src/components/ui/accordion.tsx(5,20): error TS2307: Cannot find module '@/lib/utils' or its corresponding type declarations.
src/components/ui/alert-dialog.tsx(4,39): error TS2307: Cannot find module '@radix-ui/react-alert-dialog' or its corresponding type declarations.
src/components/ui/alert-dialog.tsx(6,20): error TS2307: Cannot find module '@/lib/utils' or its corresponding type declarations.
src/components/ui/alert-dialog.tsx(7,32): error TS2307: Cannot find module '@/components/ui/button' or its corresponding type declarations.
src/components/ui/alert.tsx(2,40): error TS2307: Cannot find module 'class-variance-authority' or its corresponding type declarations.
src/components/ui/alert.tsx(4,20): error TS2307: Cannot find module '@/lib/utils' or its corresponding type declarations.
src/components/ui/avatar.tsx(2,34): error TS2307: Cannot find module '@radix-ui/react-avatar' or its corresponding type declarations.
src/components/ui/avatar.tsx(4,20): error TS2307: Cannot find module '@/lib/utils' or its corresponding type declarations.
src/components/ui/badge.tsx(2,40): error TS2307: Cannot find module 'class-variance-authority' or its corresponding type declarations.
src/components/ui/badge.tsx(4,20): error TS2307: Cannot find module '@/lib/utils' or its corresponding type declarations.
src/components/ui/badge.tsx(30,29): error TS2339: Property 'variant' does not exist on type 'BadgeProps'.
src/components/ui/breadcrumb.tsx(4,20): error TS2307: Cannot find module '@/lib/utils' or its corresponding type declarations.
src/components/ui/button.tsx(2,22): error TS2307: Cannot find module '@radix-ui/react-slot' or its corresponding type declarations.
src/components/ui/button.tsx(3,40): error TS2307: Cannot find module 'class-variance-authority' or its corresponding type declarations.
src/components/ui/button.tsx(6,20): error TS2307: Cannot find module '@/lib/utils' or its corresponding type declarations.
src/components/ui/button.tsx(61,7): error TS2339: Property 'variant' does not exist on type 'ButtonProps'.
src/components/ui/button.tsx(62,7): error TS2339: Property 'size' does not exist on type 'ButtonProps'.
src/components/ui/card.tsx(3,20): error TS2307: Cannot find module '../../lib/utils' or its corresponding type declarations.
src/components/ui/carousel.tsx(5,20): error TS2307: Cannot find module '@/lib/utils' or its corresponding type declarations.
src/components/ui/checkbox.tsx(2,36): error TS2307: Cannot find module '@radix-ui/react-checkbox' or its corresponding type declarations.
src/components/ui/checkbox.tsx(5,20): error TS2307: Cannot find module '@/lib/utils' or its corresponding type declarations.
src/components/ui/chips-input.tsx(1,27): error TS1484: 'KeyboardEvent' is a type and must be imported using a type-only import when 'verbatimModuleSyntax' is enabled.
src/components/ui/chips-input.tsx(2,23): error TS2307: Cannot find module '@/components/ui/input' or its corresponding type declarations.
src/components/ui/chips-input.tsx(3,24): error TS2307: Cannot find module '@/components/ui/button' or its corresponding type declarations.
src/components/ui/chips-input.tsx(4,23): error TS2307: Cannot find module '@/components/ui/badge' or its corresponding type declarations.
src/components/ui/chips-input.tsx(6,20): error TS2307: Cannot find module '@/lib/utils' or its corresponding type declarations.
src/components/ui/chips-input.tsx(80,22): error TS7006: Parameter 'e' implicitly has an 'any' type.
src/components/ui/collapsible.tsx(1,39): error TS2307: Cannot find module '@radix-ui/react-collapsible' or its corresponding type declarations.
src/components/ui/command.tsx(2,34): error TS2307: Cannot find module '@radix-ui/react-dialog' or its corresponding type declarations.
src/components/ui/command.tsx(3,45): error TS2307: Cannot find module 'cmdk' or its corresponding type declarations.
src/components/ui/command.tsx(6,20): error TS2307: Cannot find module '@/lib/utils' or its corresponding type declarations.
src/components/ui/command.tsx(7,39): error TS2307: Cannot find module '@/components/ui/dialog' or its corresponding type declarations.
src/components/ui/date-picker.tsx(3,24): error TS2307: Cannot find module 'date-fns' or its corresponding type declarations.
src/components/ui/date-picker.tsx(6,20): error TS2307: Cannot find module '@/lib/utils' or its corresponding type declarations.
src/components/ui/date-picker.tsx(7,24): error TS2307: Cannot find module '@/components/ui/button' or its corresponding type declarations.
src/components/ui/date-picker.tsx(8,26): error TS2307: Cannot find module '@/components/ui/calendar' or its corresponding type declarations.
src/components/ui/date-picker.tsx(13,8): error TS2307: Cannot find module '@/components/ui/popover' or its corresponding type declarations.
src/components/ui/date-picker.tsx(49,26): error TS7006: Parameter 'selectedDate' implicitly has an 'any' type.
src/components/ui/dialog.tsx(4,34): error TS2307: Cannot find module '@radix-ui/react-dialog' or its corresponding type declarations.
src/components/ui/dialog.tsx(7,20): error TS2307: Cannot find module '@/lib/utils' or its corresponding type declarations.
src/components/ui/dropdown-menu.tsx(2,40): error TS2307: Cannot find module '@radix-ui/react-dropdown-menu' or its corresponding type declarations.
src/components/ui/dropdown-menu.tsx(5,20): error TS2307: Cannot find module '@/lib/utils' or its corresponding type declarations.
src/components/ui/form.tsx(2,33): error TS2307: Cannot find module '@radix-ui/react-label' or its corresponding type declarations.
src/components/ui/form.tsx(3,22): error TS2307: Cannot find module '@radix-ui/react-slot' or its corresponding type declarations.
src/components/ui/form.tsx(5,40): error TS2307: Cannot find module 'class-variance-authority' or its corresponding type declarations.
src/components/ui/form.tsx(15,20): error TS2307: Cannot find module '@/lib/utils' or its corresponding type declarations.
src/components/ui/form.tsx(16,23): error TS2307: Cannot find module '@/components/ui/label' or its corresponding type declarations.
src/components/ui/form.tsx(148,6): error TS2339: Property 'className' does not exist on type 'FormLabelProps'.
src/components/ui/form.tsx(148,37): error TS2339: Property 'size' does not exist on type 'FormLabelProps'.
src/components/ui/form.tsx(148,43): error TS2339: Property 'children' does not exist on type 'FormLabelProps'.
src/components/ui/form.tsx(218,17): error TS2339: Property 'size' does not exist on type 'FormDescriptionProps'.
src/components/ui/form.tsx(238,44): error TS2339: Property 'size' does not exist on type 'FormMessageProps'.
src/components/ui/input.tsx(3,40): error TS2307: Cannot find module 'class-variance-authority' or its corresponding type declarations.
src/components/ui/input.tsx(5,20): error TS2307: Cannot find module '@/lib/utils' or its corresponding type declarations.
src/components/ui/input.tsx(6,26): error TS2307: Cannot find module '@/components/ui/calendar' or its corresponding type declarations.
src/components/ui/input.tsx(7,39): error TS2307: Cannot find module '@/components/ui/dialog' or its corresponding type declarations.
src/components/ui/input.tsx(8,23): error TS2307: Cannot find module '@/components/ui/badge' or its corresponding type declarations.
src/components/ui/input.tsx(62,7): error TS2339: Property 'size' does not exist on type 'Omit<InputProps, "ref">'.
src/components/ui/label.tsx(2,33): error TS2307: Cannot find module '@radix-ui/react-label' or its corresponding type declarations.
src/components/ui/label.tsx(3,40): error TS2307: Cannot find module 'class-variance-authority' or its corresponding type declarations.
src/components/ui/label.tsx(5,20): error TS2307: Cannot find module '@/lib/utils' or its corresponding type declarations.
src/components/ui/link.tsx(2,22): error TS2307: Cannot find module '@radix-ui/react-slot' or its corresponding type declarations.
src/components/ui/link.tsx(3,40): error TS2307: Cannot find module 'class-variance-authority' or its corresponding type declarations.
src/components/ui/link.tsx(48,7): error TS2339: Property 'variant' does not exist on type 'LinkProps'.
src/components/ui/link.tsx(49,7): error TS2339: Property 'size' does not exist on type 'LinkProps'.
src/components/ui/link.tsx(50,7): error TS2339: Property 'underline' does not exist on type 'LinkProps'.
src/components/ui/loading.tsx(2,26): error TS2307: Cannot find module '@/components/ui/skeleton' or its corresponding type declarations.
src/components/ui/loading.tsx(3,20): error TS2307: Cannot find module '@/lib/utils' or its corresponding type declarations.
src/components/ui/navigation-menu.tsx(2,42): error TS2307: Cannot find module '@radix-ui/react-navigation-menu' or its corresponding type declarations.
src/components/ui/navigation-menu.tsx(3,21): error TS2307: Cannot find module 'class-variance-authority' or its corresponding type declarations.
src/components/ui/navigation-menu.tsx(6,20): error TS2307: Cannot find module '@/lib/utils' or its corresponding type declarations.
src/components/ui/pagination.tsx(4,20): error TS2307: Cannot find module '@/lib/utils' or its corresponding type declarations.
src/components/ui/pagination.tsx(63,9): error TS2322: Type '{ children: Element; variant: string; size: string; onClick: () => void; disabled: boolean; className: string; }' is not assignable to type 'IntrinsicAttributes & ButtonProps & RefAttributes<HTMLButtonElement>'.
  Property 'variant' does not exist on type 'IntrinsicAttributes & ButtonProps & RefAttributes<HTMLButtonElement>'.
src/components/ui/pagination.tsx(78,15): error TS2322: Type '{ children: string | number; variant: string; size: string; onClick: () => void; disabled: boolean; className: any; }' is not assignable to type 'IntrinsicAttributes & ButtonProps & RefAttributes<HTMLButtonElement>'.
  Property 'variant' does not exist on type 'IntrinsicAttributes & ButtonProps & RefAttributes<HTMLButtonElement>'.
src/components/ui/pagination.tsx(94,9): error TS2322: Type '{ children: Element; variant: string; size: string; onClick: () => void; disabled: boolean; className: string; }' is not assignable to type 'IntrinsicAttributes & ButtonProps & RefAttributes<HTMLButtonElement>'.
  Property 'variant' does not exist on type 'IntrinsicAttributes & ButtonProps & RefAttributes<HTMLButtonElement>'.
src/components/ui/popover.tsx(2,35): error TS2307: Cannot find module '@radix-ui/react-popover' or its corresponding type declarations.
src/components/ui/popover.tsx(4,20): error TS2307: Cannot find module '@/lib/utils' or its corresponding type declarations.
src/components/ui/progress.tsx(4,36): error TS2307: Cannot find module '@radix-ui/react-progress' or its corresponding type declarations.
src/components/ui/progress.tsx(6,20): error TS2307: Cannot find module '@/lib/utils' or its corresponding type declarations.
src/components/ui/radio-group.tsx(2,38): error TS2307: Cannot find module '@radix-ui/react-radio-group' or its corresponding type declarations.
src/components/ui/radio-group.tsx(5,20): error TS2307: Cannot find module '@/lib/utils' or its corresponding type declarations.
src/components/ui/rich-text-editor.tsx(2,42): error TS2307: Cannot find module '@tiptap/react' or its corresponding type declarations.
src/components/ui/rich-text-editor.tsx(3,24): error TS2307: Cannot find module '@tiptap/starter-kit' or its corresponding type declarations.
src/components/ui/rich-text-editor.tsx(4,25): error TS2307: Cannot find module '@tiptap/extension-placeholder' or its corresponding type declarations.
src/components/ui/rich-text-editor.tsx(5,23): error TS2307: Cannot find module '@tiptap/extension-text-align' or its corresponding type declarations.
src/components/ui/rich-text-editor.tsx(6,23): error TS2307: Cannot find module '@tiptap/extension-underline' or its corresponding type declarations.
src/components/ui/rich-text-editor.tsx(7,27): error TS2307: Cannot find module '@tiptap/extension-text-style' or its corresponding type declarations.
src/components/ui/rich-text-editor.tsx(8,19): error TS2307: Cannot find module '@tiptap/extension-color' or its corresponding type declarations.
src/components/ui/rich-text-editor.tsx(9,23): error TS2307: Cannot find module '@tiptap/extension-highlight' or its corresponding type declarations.
src/components/ui/rich-text-editor.tsx(10,18): error TS2307: Cannot find module '@tiptap/extension-link' or its corresponding type declarations.
src/components/ui/rich-text-editor.tsx(59,18): error TS7031: Binding element 'editor' implicitly has an 'any' type.
src/components/ui/rich-text-editor.tsx(104,13): error TS2322: Type '{ children: Element; variant: string; size: string; onClick: () => any; className: string; }' is not assignable to type 'IntrinsicAttributes & ButtonProps & RefAttributes<HTMLButtonElement>'.
  Property 'variant' does not exist on type 'IntrinsicAttributes & ButtonProps & RefAttributes<HTMLButtonElement>'.
src/components/ui/rich-text-editor.tsx(116,13): error TS2322: Type '{ children: Element; variant: string; size: string; onClick: () => any; className: string; }' is not assignable to type 'IntrinsicAttributes & ButtonProps & RefAttributes<HTMLButtonElement>'.
  Property 'variant' does not exist on type 'IntrinsicAttributes & ButtonProps & RefAttributes<HTMLButtonElement>'.
src/components/ui/rich-text-editor.tsx(128,13): error TS2322: Type '{ children: Element; variant: string; size: string; onClick: () => any; className: string; }' is not assignable to type 'IntrinsicAttributes & ButtonProps & RefAttributes<HTMLButtonElement>'.
  Property 'variant' does not exist on type 'IntrinsicAttributes & ButtonProps & RefAttributes<HTMLButtonElement>'.
src/components/ui/rich-text-editor.tsx(144,13): error TS2322: Type '{ children: Element; variant: string; size: string; onClick: () => any; className: string; }' is not assignable to type 'IntrinsicAttributes & ButtonProps & RefAttributes<HTMLButtonElement>'.
  Property 'variant' does not exist on type 'IntrinsicAttributes & ButtonProps & RefAttributes<HTMLButtonElement>'.
src/components/ui/rich-text-editor.tsx(156,13): error TS2322: Type '{ children: Element; variant: string; size: string; onClick: () => any; className: string; }' is not assignable to type 'IntrinsicAttributes & ButtonProps & RefAttributes<HTMLButtonElement>'.
  Property 'variant' does not exist on type 'IntrinsicAttributes & ButtonProps & RefAttributes<HTMLButtonElement>'.
src/components/ui/rich-text-editor.tsx(172,13): error TS2322: Type '{ children: Element; variant: string; size: string; onClick: () => any; className: string; }' is not assignable to type 'IntrinsicAttributes & ButtonProps & RefAttributes<HTMLButtonElement>'.
  Property 'variant' does not exist on type 'IntrinsicAttributes & ButtonProps & RefAttributes<HTMLButtonElement>'.
src/components/ui/rich-text-editor.tsx(184,13): error TS2322: Type '{ children: Element; variant: string; size: string; onClick: () => any; className: string; }' is not assignable to type 'IntrinsicAttributes & ButtonProps & RefAttributes<HTMLButtonElement>'.
  Property 'variant' does not exist on type 'IntrinsicAttributes & ButtonProps & RefAttributes<HTMLButtonElement>'.
src/components/ui/rich-text-editor.tsx(196,13): error TS2322: Type '{ children: Element; variant: string; size: string; onClick: () => any; className: string; }' is not assignable to type 'IntrinsicAttributes & ButtonProps & RefAttributes<HTMLButtonElement>'.
  Property 'variant' does not exist on type 'IntrinsicAttributes & ButtonProps & RefAttributes<HTMLButtonElement>'.
src/components/ui/rich-text-editor.tsx(212,13): error TS2322: Type '{ children: Element; variant: string; size: string; onClick: () => void; className: string; }' is not assignable to type 'IntrinsicAttributes & ButtonProps & RefAttributes<HTMLButtonElement>'.
  Property 'variant' does not exist on type 'IntrinsicAttributes & ButtonProps & RefAttributes<HTMLButtonElement>'.
src/components/ui/rich-text-editor.tsx(224,13): error TS2322: Type '{ children: Element; variant: string; size: string; onClick: () => void; className: string; title: string; }' is not assignable to type 'IntrinsicAttributes & ButtonProps & RefAttributes<HTMLButtonElement>'.
  Property 'variant' does not exist on type 'IntrinsicAttributes & ButtonProps & RefAttributes<HTMLButtonElement>'.
src/components/ui/rich-text-editor.tsx(234,15): error TS2322: Type '{ variant: string; size: string; onClick: () => void; className: string; title: string; }' is not assignable to type 'IntrinsicAttributes & ButtonProps & RefAttributes<HTMLButtonElement>'.
  Property 'variant' does not exist on type 'IntrinsicAttributes & ButtonProps & RefAttributes<HTMLButtonElement>'.
src/components/ui/rich-text-editor.tsx(241,15): error TS2322: Type '{ variant: string; size: string; onClick: () => void; className: string; title: string; }' is not assignable to type 'IntrinsicAttributes & ButtonProps & RefAttributes<HTMLButtonElement>'.
  Property 'variant' does not exist on type 'IntrinsicAttributes & ButtonProps & RefAttributes<HTMLButtonElement>'.
src/components/ui/rich-text-editor.tsx(248,15): error TS2322: Type '{ variant: string; size: string; onClick: () => void; className: string; title: string; }' is not assignable to type 'IntrinsicAttributes & ButtonProps & RefAttributes<HTMLButtonElement>'.
  Property 'variant' does not exist on type 'IntrinsicAttributes & ButtonProps & RefAttributes<HTMLButtonElement>'.
src/components/ui/rich-text-editor.tsx(255,15): error TS2322: Type '{ variant: string; size: string; onClick: () => void; className: string; title: string; }' is not assignable to type 'IntrinsicAttributes & ButtonProps & RefAttributes<HTMLButtonElement>'.
  Property 'variant' does not exist on type 'IntrinsicAttributes & ButtonProps & RefAttributes<HTMLButtonElement>'.
src/components/ui/scroll-area.tsx(1,38): error TS2307: Cannot find module '@radix-ui/react-scroll-area' or its corresponding type declarations.
src/components/ui/scroll-area.tsx(4,20): error TS2307: Cannot find module '@/lib/utils' or its corresponding type declarations.
src/components/ui/select.tsx(3,40): error TS2307: Cannot find module 'class-variance-authority' or its corresponding type declarations.
src/components/ui/select.tsx(4,20): error TS2307: Cannot find module '@/lib/utils' or its corresponding type declarations.
src/components/ui/select.tsx(83,7): error TS2339: Property 'size' does not exist on type 'SelectProps'.
src/components/ui/separator.tsx(2,20): error TS2307: Cannot find module '@/lib/utils' or its corresponding type declarations.
src/components/ui/sheet.tsx(2,33): error TS2307: Cannot find module '@radix-ui/react-dialog' or its corresponding type declarations.
src/components/ui/sheet.tsx(3,40): error TS2307: Cannot find module 'class-variance-authority' or its corresponding type declarations.
src/components/ui/sheet.tsx(6,20): error TS2307: Cannot find module '@/lib/utils' or its corresponding type declarations.
src/components/ui/sheet.tsx(57,6): error TS2339: Property 'side' does not exist on type 'SheetContentProps'.
src/components/ui/sheet.tsx(57,22): error TS2339: Property 'className' does not exist on type 'SheetContentProps'.
src/components/ui/sheet.tsx(57,33): error TS2339: Property 'children' does not exist on type 'SheetContentProps'.
src/components/ui/skeleton.tsx(1,20): error TS2307: Cannot find module '@/lib/utils' or its corresponding type declarations.
src/components/ui/slider.tsx(2,34): error TS2307: Cannot find module '@radix-ui/react-slider' or its corresponding type declarations.
src/components/ui/slider.tsx(4,20): error TS2307: Cannot find module '@/lib/utils' or its corresponding type declarations.
src/components/ui/switch.tsx(2,35): error TS2307: Cannot find module '@radix-ui/react-switch' or its corresponding type declarations.
src/components/ui/switch.tsx(4,20): error TS2307: Cannot find module '@/lib/utils' or its corresponding type declarations.
src/components/ui/table.tsx(3,20): error TS2307: Cannot find module '@/lib/utils' or its corresponding type declarations.
src/components/ui/tabs.tsx(2,32): error TS2307: Cannot find module '@radix-ui/react-tabs' or its corresponding type declarations.
src/components/ui/tabs.tsx(4,20): error TS2307: Cannot find module '@/lib/utils' or its corresponding type declarations.
src/components/ui/textarea.tsx(3,20): error TS2307: Cannot find module '@/lib/utils' or its corresponding type declarations.
src/components/ui/toast.tsx(2,34): error TS2307: Cannot find module '@radix-ui/react-toast' or its corresponding type declarations.
src/components/ui/toast.tsx(3,40): error TS2307: Cannot find module 'class-variance-authority' or its corresponding type declarations.
src/components/ui/toast.tsx(6,20): error TS2307: Cannot find module '@/lib/utils' or its corresponding type declarations.
src/components/ui/toaster.tsx(1,26): error TS2307: Cannot find module '@/hooks/use-toast' or its corresponding type declarations.
src/components/ui/toaster.tsx(9,8): error TS2307: Cannot find module '@/components/ui/toast' or its corresponding type declarations.
src/components/ui/toaster.tsx(16,31): error TS7031: Binding element 'id' implicitly has an 'any' type.
src/components/ui/toaster.tsx(16,35): error TS7031: Binding element 'title' implicitly has an 'any' type.
src/components/ui/toaster.tsx(16,42): error TS7031: Binding element 'description' implicitly has an 'any' type.
src/components/ui/toaster.tsx(16,55): error TS7031: Binding element 'action' implicitly has an 'any' type.
src/components/ui/tooltip.tsx(2,35): error TS2307: Cannot find module '@radix-ui/react-tooltip' or its corresponding type declarations.
src/components/ui/tooltip.tsx(4,20): error TS2307: Cannot find module '@/lib/utils' or its corresponding type declarations.
src/components/ui/typography.tsx(1,20): error TS2307: Cannot find module '@/lib/utils' or its corresponding type declarations.
